// Jest Snapshot v1, https://goo.gl/fbAQLP

exports[`<PatronPage /> should render and match the snapshot 1`] = `
<h1>
  <span>
    This is the PatronPage container!
  </span>
</h1>
`;
